C:/ncs/v2.6.1/zephyr/include/zephyr/sys/byteorder.h:639:20:sys_mem_swap	4	static
C:/ncs/v2.6.1/zephyr/subsys/bluetooth/host/gatt.c:409:13:update_range	4	static
C:/ncs/v2.6.1/zephyr/subsys/bluetooth/host/gatt.c:632:13:cf_set_value	8	static
C:/ncs/v2.6.1/zephyr/subsys/bluetooth/host/gatt.c:2029:16:find_next	0	static
C:/ncs/v2.6.1/zephyr/subsys/bluetooth/host/gatt.c:2088:13:gatt_ccc_changed	8	static
C:/ncs/v2.6.1/zephyr/subsys/bluetooth/host/gatt.c:2472:13:gatt_indicate_rsp	8	static
C:/ncs/v2.6.1/zephyr/subsys/bluetooth/host/gatt.c:2742:16:match_uuid	0	static
C:/ncs/v2.6.1/zephyr/subsys/bluetooth/host/gatt.c:5567:12:ccc_set	0	static
C:/ncs/v2.6.1/zephyr/subsys/bluetooth/host/gatt.c:5633:12:ccc_set_cb	8	static
C:/ncs/v2.6.1/zephyr/subsys/bluetooth/host/gatt.c:736:16:gen_hash_m	56	static
C:/ncs/v2.6.1/zephyr/subsys/bluetooth/host/gatt.c:598:28:find_cf_cfg	16	static
C:/ncs/v2.6.1/zephyr/subsys/bluetooth/host/gatt.c:320:28:find_sc_cfg	16	static
C:/ncs/v2.6.1/zephyr/subsys/bluetooth/host/gatt.c:2049:32:find_ccc_cfg	24	static
C:/ncs/v2.6.1/zephyr/subsys/bluetooth/host/gatt.c:5468:32:ccc_find_cfg	24	static
C:/ncs/v2.6.1/zephyr/subsys/bluetooth/host/gatt.c:5821:28:find_cf_cfg_by_addr	16	static
C:/ncs/v2.6.1/zephyr/include/zephyr/sys/atomic.h:131:20:atomic_test_bit	0	static
C:/ncs/v2.6.1/zephyr/include/zephyr/sys/atomic.h:176:20:atomic_test_and_set_bit	0	static
C:/ncs/v2.6.1/zephyr/subsys/bluetooth/host/gatt.c:1446:13:bt_gatt_service_init	8	static
C:/ncs/v2.6.1/zephyr/include/zephyr/bluetooth/addr.h:137:20:bt_addr_le_copy	0	static
C:/ncs/v2.6.1/zephyr/subsys/bluetooth/host/gatt.c:432:13:sc_save	24	static
C:/ncs/v2.6.1/zephyr/subsys/bluetooth/host/gatt.c:1315:13:clear_ccc_cfg	8	static
C:/ncs/v2.6.1/zephyr/subsys/bluetooth/host/gatt.c:2110:9:bt_gatt_attr_write_ccc	32	static
C:/ncs/v2.6.1/zephyr/include/zephyr/sys/atomic.h:152:20:atomic_test_and_clear_bit	4	static
C:/ncs/v2.6.1/zephyr/subsys/bluetooth/host/gatt.c:546:13:set_change_aware_no_store	8	static
C:/ncs/v2.6.1/zephyr/subsys/bluetooth/host/gatt.c:561:13:set_change_aware	8	static
C:/ncs/v2.6.1/zephyr/subsys/bluetooth/host/gatt.c:659:16:cf_write	24	static
C:/ncs/v2.6.1/zephyr/subsys/bluetooth/host/gatt.c:348:13:clear_sc_cfg	0	static
C:/ncs/v2.6.1/zephyr/subsys/bluetooth/host/gatt.c:353:12:bt_gatt_clear_sc	8	static
C:/ncs/v2.6.1/zephyr/subsys/bluetooth/host/gatt.c:379:13:sc_clear	16	static
C:/ncs/v2.6.1/zephyr/subsys/bluetooth/host/gatt.c:469:16:sc_ccc_cfg_write	8	static
C:/ncs/v2.6.1/zephyr/subsys/bluetooth/host/gatt.c:398:13:sc_reset	0	static
C:/ncs/v2.6.1/zephyr/subsys/bluetooth/host/gatt.c:6124:16:remove_peer_from_attr	8	static
C:/ncs/v2.6.1/zephyr/subsys/bluetooth/host/gatt.c:3134:13:sc_restore_rsp	16	static
C:/ncs/v2.6.1/zephyr/subsys/bluetooth/host/gatt.c:1246:13:sc_indicate_rsp	8	static
C:/ncs/v2.6.1/zephyr/subsys/bluetooth/host/gatt.c:1780:16:get_service_handles	24	static
C:/ncs/v2.6.1/zephyr/subsys/bluetooth/host/gatt.c:1913:16:gatt_foreach_iter	16	static
C:/ncs/v2.6.1/zephyr/subsys/bluetooth/host/gatt.c:3274:16:disconnected_cb	40	static
C:/ncs/v2.6.1/zephyr/subsys/bluetooth/host/gatt.c:2487:27:gatt_req_alloc	24	static
C:/ncs/v2.6.1/zephyr/subsys/bluetooth/host/gatt.c:527:13:clear_cf_cfg	8	static
C:/ncs/v2.6.1/zephyr/subsys/bluetooth/host/gatt.c:6164:12:bt_gatt_clear_cf	8	static
C:/ncs/v2.6.1/zephyr/subsys/bluetooth/host/gatt.c:965:13:remove_cf_cfg	16	static
C:/ncs/v2.6.1/zephyr/subsys/bluetooth/host/gatt.c:1457:6:bt_gatt_init	8	static
C:/ncs/v2.6.1/zephyr/subsys/bluetooth/host/gatt.c:1543:6:bt_gatt_cb_register	0	static
C:/ncs/v2.6.1/zephyr/subsys/bluetooth/host/gatt.c:1738:9:bt_gatt_attr_read	8	static
C:/ncs/v2.6.1/zephyr/subsys/bluetooth/host/gatt.c:198:16:read_ppcp	32	static
C:/ncs/v2.6.1/zephyr/subsys/bluetooth/host/gatt.c:132:16:read_appearance	48	static
C:/ncs/v2.6.1/zephyr/subsys/bluetooth/host/gatt.c:98:16:read_name	40	static
C:/ncs/v2.6.1/zephyr/subsys/bluetooth/host/gatt.c:617:16:cf_read	48	static
C:/ncs/v2.6.1/zephyr/subsys/bluetooth/host/gatt.c:1757:9:bt_gatt_attr_read_service	40	static
C:/ncs/v2.6.1/zephyr/subsys/bluetooth/host/gatt.c:2068:9:bt_gatt_attr_read_ccc	48	static
C:/ncs/v2.6.1/zephyr/subsys/bluetooth/host/gatt.c:1796:10:bt_gatt_attr_get_handle	16	static
C:/ncs/v2.6.1/zephyr/subsys/bluetooth/host/gatt.c:1865:10:bt_gatt_attr_value_handle	16	static
C:/ncs/v2.6.1/zephyr/subsys/bluetooth/host/gatt.c:1882:9:bt_gatt_attr_read_chrc	64	static
C:/ncs/v2.6.1/zephyr/subsys/bluetooth/host/gatt.c:1990:6:bt_gatt_foreach_attr_type	72	static
C:/ncs/v2.6.1/zephyr/subsys/bluetooth/host/gatt.c:825:13:db_hash_gen	312	static
C:/ncs/v2.6.1/zephyr/subsys/bluetooth/host/gatt.c:930:16:db_hash_read	40	static
C:/ncs/v2.6.1/zephyr/subsys/bluetooth/host/gatt.c:859:13:do_db_hash	8	static
C:/ncs/v2.6.1/zephyr/subsys/bluetooth/host/gatt.c:925:13:db_hash_process	8	static
C:/ncs/v2.6.1/zephyr/subsys/bluetooth/host/gatt.c:1826:9:bt_gatt_attr_read_included	56	static
C:/ncs/v2.6.1/zephyr/subsys/bluetooth/host/gatt.c:6147:12:bt_gatt_clear_ccc	32	static
C:/ncs/v2.6.1/zephyr/subsys/bluetooth/host/gatt.c:2753:13:gatt_find_by_uuid	24	static
C:/ncs/v2.6.1/zephyr/subsys/bluetooth/host/gatt.c:2039:22:bt_gatt_attr_next	32	static
C:/ncs/v2.6.1/zephyr/subsys/bluetooth/host/gatt.c:2192:9:bt_gatt_attr_read_cep	32	static
C:/ncs/v2.6.1/zephyr/subsys/bluetooth/host/gatt.c:2203:9:bt_gatt_attr_read_cud	40	static
C:/ncs/v2.6.1/zephyr/subsys/bluetooth/host/gatt.c:2221:9:bt_gatt_attr_read_cpf	32	static
C:/ncs/v2.6.1/zephyr/subsys/bluetooth/host/gatt.c:2764:22:bt_gatt_find_by_uuid	40	static
C:/ncs/v2.6.1/zephyr/subsys/bluetooth/host/gatt.c:3063:10:bt_gatt_get_mtu	8	static
C:/ncs/v2.6.1/zephyr/subsys/bluetooth/host/gatt.c:3068:9:bt_gatt_check_perm	16	static
C:/ncs/v2.6.1/zephyr/subsys/bluetooth/host/gatt.c:3345:6:bt_gatt_is_subscribed	56	static
C:/ncs/v2.6.1/zephyr/subsys/bluetooth/host/gatt.c:2556:12:gatt_indicate	40	static
C:/ncs/v2.6.1/zephyr/subsys/bluetooth/host/gatt.c:3004:5:bt_gatt_indicate	64	static
C:/ncs/v2.6.1/zephyr/subsys/bluetooth/host/gatt.c:1280:13:sc_process	24	static
C:/ncs/v2.6.1/zephyr/subsys/bluetooth/host/gatt.c:3172:13:sc_restore	16	static
C:/ncs/v2.6.1/zephyr/subsys/bluetooth/host/gatt.c:3210:16:update_ccc	80	dynamic,bounded
C:/ncs/v2.6.1/zephyr/subsys/bluetooth/host/gatt.c:2406:12:gatt_notify	32	static
C:/ncs/v2.6.1/zephyr/subsys/bluetooth/host/gatt.c:2779:5:bt_gatt_notify_cb	64	static
C:/ncs/v2.6.1/zephyr/subsys/bluetooth/host/gatt.c:2635:16:notify_cb	32	static
C:/ncs/v2.6.1/zephyr/subsys/bluetooth/host/gatt.c:5665:6:bt_gatt_connected	32	static
C:/ncs/v2.6.1/zephyr/subsys/bluetooth/host/gatt.c:5732:6:bt_gatt_att_max_mtu_changed	24	static
C:/ncs/v2.6.1/zephyr/subsys/bluetooth/host/gatt.c:5766:6:bt_gatt_change_aware	24	static
C:/ncs/v2.6.1/zephyr/subsys/bluetooth/host/gatt.c:5743:6:bt_gatt_encrypt_change	40	static
C:/ncs/v2.6.1/zephyr/subsys/bluetooth/host/gatt.c:6214:5:bt_gatt_clear	16	static
C:/ncs/v2.6.1/zephyr/subsys/bluetooth/host/gatt.c:6244:6:bt_gatt_disconnected	24	static
C:/ncs/v2.6.1/zephyr/subsys/bluetooth/host/gatt.c:6279:6:bt_gatt_req_set_mtu	0	static
