C:/ncs/v2.6.1/zephyr/subsys/bluetooth/host/iso.c:255:13:bt_iso_chan_add	0	static
C:/ncs/v2.6.1/zephyr/subsys/bluetooth/host/iso.c:2451:27:lookup_big_by_handle	0	static
C:/ncs/v2.6.1/zephyr/subsys/bluetooth/host/iso.c:3037:13:store_bis_sync_receiver_info	4	static
C:/ncs/v2.6.1/zephyr/subsys/bluetooth/host/iso.c:203:12:hci_le_setup_iso_data_path	32	static
C:/ncs/v2.6.1/zephyr/subsys/bluetooth/host/iso.c:264:12:bt_iso_setup_data_path	40	static
C:/ncs/v2.6.1/zephyr/subsys/bluetooth/host/iso.c:2962:12:hci_le_big_sync_term	24	static
C:/ncs/v2.6.1/zephyr/include/zephyr/sys/atomic.h:131:20:atomic_test_bit	0	static
C:/ncs/v2.6.1/zephyr/subsys/bluetooth/host/iso.c:2475:27:big_lookup_flag	16	static
C:/ncs/v2.6.1/zephyr/subsys/bluetooth/host/iso.c:2488:13:cleanup_big	16	static
C:/ncs/v2.6.1/zephyr/include/zephyr/sys/atomic.h:176:20:atomic_test_and_set_bit	0	static
C:/ncs/v2.6.1/zephyr/subsys/bluetooth/host/iso.c:2456:27:get_free_big	8	static
C:/ncs/v2.6.1/zephyr/subsys/bluetooth/host/iso.c:144:24:iso_new	8	static
C:/ncs/v2.6.1/zephyr/subsys/bluetooth/host/iso.c:2515:12:big_init_bis	32	static
C:/ncs/v2.6.1/zephyr/subsys/bluetooth/host/iso.c:3118:12:hci_le_big_create_sync	48	static
C:/ncs/v2.6.1/zephyr/subsys/bluetooth/host/iso.c:99:6:hci_iso	24	static
C:/ncs/v2.6.1/zephyr/subsys/bluetooth/host/iso.c:163:17:bt_iso_create_pdu_timeout	8	static
C:/ncs/v2.6.1/zephyr/subsys/bluetooth/host/iso.c:186:17:bt_iso_create_frag_timeout	8	static
C:/ncs/v2.6.1/zephyr/subsys/bluetooth/host/iso.c:544:6:bt_iso_chan_set_state	0	static
C:/ncs/v2.6.1/zephyr/subsys/bluetooth/host/iso.c:413:13:bt_iso_chan_disconnected	16	static
C:/ncs/v2.6.1/zephyr/subsys/bluetooth/host/iso.c:467:6:bt_iso_disconnected	8	static
C:/ncs/v2.6.1/zephyr/subsys/bluetooth/host/iso.c:2504:13:big_disconnect	16	static
C:/ncs/v2.6.1/zephyr/subsys/bluetooth/host/iso.c:550:5:bt_iso_chan_get_info	4	static
C:/ncs/v2.6.1/zephyr/subsys/bluetooth/host/iso.c:574:17:bt_iso_get_rx	8	static
C:/ncs/v2.6.1/zephyr/subsys/bluetooth/host/iso.c:586:6:bt_iso_recv	72	dynamic,bounded
C:/ncs/v2.6.1/zephyr/subsys/bluetooth/host/iso.c:2992:5:bt_iso_big_terminate	16	static
C:/ncs/v2.6.1/zephyr/subsys/bluetooth/host/iso.c:360:6:bt_iso_connected	16	static
C:/ncs/v2.6.1/zephyr/subsys/bluetooth/host/iso.c:3056:6:hci_le_big_sync_established	32	static
C:/ncs/v2.6.1/zephyr/subsys/bluetooth/host/iso.c:3100:6:hci_le_big_sync_lost	16	static
C:/ncs/v2.6.1/zephyr/subsys/bluetooth/host/iso.c:3167:5:bt_iso_big_sync	32	static
