C:/ncs/v2.6.1/zephyr/include/zephyr/sys/slist.h:408:1:sys_slist_remove	0	static
C:/ncs/v2.6.1/zephyr/include/zephyr/sys/slist.h:435:1:sys_slist_find_and_remove	8	static
C:/ncs/v2.6.1/zephyr/subsys/bluetooth/host/scan.c:66:13:reset_reassembling_advertiser	0	static
C:/ncs/v2.6.1/zephyr/subsys/bluetooth/host/scan.c:409:16:get_adv_props_legacy	0	static
C:/ncs/v2.6.1/zephyr/subsys/bluetooth/host/scan.c:519:16:get_adv_type	0	static
C:/ncs/v2.6.1/zephyr/subsys/bluetooth/host/scan.c:556:17:get_adv_props_extended	0	static
C:/ncs/v2.6.1/zephyr/subsys/bluetooth/host/scan.c:1425:13:valid_le_scan_param	0	static
C:/ncs/v2.6.1/zephyr/include/zephyr/sys/atomic.h:131:20:atomic_test_bit	0	static
C:/ncs/v2.6.1/zephyr/subsys/bluetooth/host/scan.c:732:35:get_pending_per_adv_sync	8	static
C:/ncs/v2.6.1/zephyr/subsys/bluetooth/host/scan.c:1743:12:bt_le_per_adv_sync_create_cancel	8	static
C:/ncs/v2.6.1/zephyr/subsys/bluetooth/host/scan.c:87:12:set_le_ext_scan_enable	40	static
C:/ncs/v2.6.1/zephyr/include/zephyr/sys/atomic.h:237:20:atomic_set_bit_to	0	static
C:/ncs/v2.6.1/zephyr/subsys/bluetooth/host/scan.c:167:12:start_le_scan_ext	40	static
C:/ncs/v2.6.1/zephyr/subsys/bluetooth/host/scan.c:292:12:start_passive_scan	16	static
C:/ncs/v2.6.1/zephyr/subsys/bluetooth/host/scan.c:51:13:fragmented_advertisers_equal	8	static
C:/ncs/v2.6.1/zephyr/include/zephyr/bluetooth/addr.h:137:20:bt_addr_le_copy	0	static
C:/ncs/v2.6.1/zephyr/subsys/bluetooth/host/scan.c:59:13:init_reassembling_advertiser	16	static
C:/ncs/v2.6.1/zephyr/subsys/bluetooth/host/scan.c:566:13:create_ext_adv_info	16	static
C:/ncs/v2.6.1/zephyr/subsys/bluetooth/host/scan.c:439:13:le_adv_recv	48	static
C:/ncs/v2.6.1/zephyr/subsys/bluetooth/host/scan.c:698:13:per_adv_sync_delete	0	static
C:/ncs/v2.6.1/zephyr/subsys/bluetooth/host/scan.c:922:13:per_adv_sync_terminated	24	static
C:/ncs/v2.6.1/zephyr/subsys/bluetooth/host/scan.c:902:12:per_adv_sync_terminate	16	static
C:/ncs/v2.6.1/zephyr/subsys/bluetooth/host/scan.c:1767:12:bt_le_per_adv_sync_terminate	8	static
C:/ncs/v2.6.1/zephyr/subsys/bluetooth/host/scan.c:703:35:per_adv_sync_new	8	static
C:/ncs/v2.6.1/zephyr/subsys/bluetooth/host/scan.c:1814:12:bt_le_set_per_adv_recv_enable	48	static
C:/ncs/v2.6.1/zephyr/subsys/bluetooth/host/scan.c:1182:13:bt_hci_le_past_received_common	40	static
C:/ncs/v2.6.1/zephyr/subsys/bluetooth/host/scan.c:79:6:bt_scan_reset	8	static
C:/ncs/v2.6.1/zephyr/subsys/bluetooth/host/scan.c:157:5:bt_le_scan_set_enable	8	static
C:/ncs/v2.6.1/zephyr/subsys/bluetooth/host/scan.c:318:5:bt_le_scan_update	16	static
C:/ncs/v2.6.1/zephyr/subsys/bluetooth/host/scan.c:945:13:bt_hci_le_per_adv_sync_established_common	48	static
C:/ncs/v2.6.1/zephyr/subsys/bluetooth/host/scan.c:497:6:bt_hci_le_scan_timeout	8	static
C:/ncs/v2.6.1/zephyr/subsys/bluetooth/host/scan.c:579:6:bt_hci_le_adv_ext_report	48	static
C:/ncs/v2.6.1/zephyr/subsys/bluetooth/host/scan.c:744:6:bt_periodic_sync_disable	8	static
C:/ncs/v2.6.1/zephyr/subsys/bluetooth/host/scan.c:751:28:bt_hci_get_per_adv_sync	16	static
C:/ncs/v2.6.1/zephyr/subsys/bluetooth/host/scan.c:764:6:bt_hci_le_per_adv_report_recv	40	static
C:/ncs/v2.6.1/zephyr/subsys/bluetooth/host/scan.c:794:13:bt_hci_le_per_adv_report_common	24	static
C:/ncs/v2.6.1/zephyr/subsys/bluetooth/host/scan.c:891:6:bt_hci_le_per_adv_report	8	static
C:/ncs/v2.6.1/zephyr/subsys/bluetooth/host/scan.c:1079:6:bt_hci_le_per_adv_sync_established	8	static
C:/ncs/v2.6.1/zephyr/subsys/bluetooth/host/scan.c:1163:6:bt_hci_le_per_adv_sync_lost	8	static
C:/ncs/v2.6.1/zephyr/subsys/bluetooth/host/scan.c:1266:6:bt_hci_le_past_received	8	static
C:/ncs/v2.6.1/zephyr/subsys/bluetooth/host/scan.c:1298:6:bt_hci_le_biginfo_adv_report	48	static
C:/ncs/v2.6.1/zephyr/subsys/bluetooth/host/scan.c:1387:6:bt_hci_le_adv_report	40	static
C:/ncs/v2.6.1/zephyr/subsys/bluetooth/host/scan.c:1454:5:bt_le_scan_start	32	static
C:/ncs/v2.6.1/zephyr/subsys/bluetooth/host/scan.c:1543:5:bt_le_scan_stop	8	static
C:/ncs/v2.6.1/zephyr/subsys/bluetooth/host/scan.c:1564:6:bt_le_scan_cb_register	0	static
C:/ncs/v2.6.1/zephyr/subsys/bluetooth/host/scan.c:1569:6:bt_le_scan_cb_unregister	8	static
C:/ncs/v2.6.1/zephyr/subsys/bluetooth/host/scan.c:1575:9:bt_le_per_adv_sync_get_index	8	static
C:/ncs/v2.6.1/zephyr/subsys/bluetooth/host/scan.c:1584:28:bt_le_per_adv_sync_lookup_index	0	static
C:/ncs/v2.6.1/zephyr/subsys/bluetooth/host/scan.c:1593:5:bt_le_per_adv_sync_get_info	16	static
C:/ncs/v2.6.1/zephyr/subsys/bluetooth/host/scan.c:1608:28:bt_le_per_adv_sync_lookup_addr	24	static
C:/ncs/v2.6.1/zephyr/subsys/bluetooth/host/scan.c:1784:5:bt_le_per_adv_sync_delete	16	static
C:/ncs/v2.6.1/zephyr/subsys/bluetooth/host/scan.c:1627:5:bt_le_per_adv_sync_create	24	static
C:/ncs/v2.6.1/zephyr/subsys/bluetooth/host/scan.c:1809:6:bt_le_per_adv_sync_cb_register	0	static
C:/ncs/v2.6.1/zephyr/subsys/bluetooth/host/scan.c:1877:5:bt_le_per_adv_sync_recv_enable	8	static
C:/ncs/v2.6.1/zephyr/subsys/bluetooth/host/scan.c:1882:5:bt_le_per_adv_sync_recv_disable	8	static
C:/ncs/v2.6.1/zephyr/subsys/bluetooth/host/scan.c:2046:5:bt_le_per_adv_list_add	24	static
C:/ncs/v2.6.1/zephyr/subsys/bluetooth/host/scan.c:2077:5:bt_le_per_adv_list_remove	24	static
C:/ncs/v2.6.1/zephyr/subsys/bluetooth/host/scan.c:2107:5:bt_le_per_adv_list_clear	8	static
