C:/ncs/v2.6.1/zephyr/subsys/bluetooth/audio/bap_endpoint.h:148:27:bt_bap_ep_state_str	0	static
C:/ncs/v2.6.1/zephyr/subsys/bluetooth/audio/bap_broadcast_source.c:254:42:broadcast_source_new_subgroup	4	static
C:/ncs/v2.6.1/zephyr/subsys/bluetooth/audio/bap_broadcast_source.c:592:29:broadcast_source_get_state	0	static
C:/ncs/v2.6.1/zephyr/subsys/bluetooth/audio/bap_broadcast_source.c:482:13:valid_broadcast_source_param	24	static
C:/ncs/v2.6.1/zephyr/subsys/bluetooth/audio/bap_broadcast_source.c:122:13:broadcast_source_iso_sent	88	dynamic,bounded
C:/ncs/v2.6.1/zephyr/subsys/bluetooth/audio/bap_broadcast_source.c:66:13:broadcast_source_set_ep_state	56	dynamic,bounded
C:/ncs/v2.6.1/zephyr/subsys/bluetooth/audio/bap_broadcast_source.c:109:13:broadcast_source_set_state	16	static
C:/ncs/v2.6.1/zephyr/subsys/bluetooth/audio/bap_broadcast_source.c:182:13:broadcast_source_iso_disconnected	96	dynamic,bounded
C:/ncs/v2.6.1/zephyr/subsys/bluetooth/audio/bap_broadcast_source.c:151:13:broadcast_source_iso_connected	96	dynamic,bounded
C:/ncs/v2.6.1/zephyr/subsys/bluetooth/audio/bap_broadcast_source.c:230:13:broadcast_source_ep_init	8	static
C:/ncs/v2.6.1/zephyr/subsys/bluetooth/audio/bap_broadcast_source.c:239:26:broadcast_source_new_ep	8	static
C:/ncs/v2.6.1/zephyr/subsys/bluetooth/audio/bap_broadcast_source.c:267:12:broadcast_source_setup_stream	24	static
C:/ncs/v2.6.1/zephyr/subsys/bluetooth/audio/bap_broadcast_source.c:456:13:broadcast_source_cleanup	24	static
C:/ncs/v2.6.1/zephyr/subsys/bluetooth/audio/bap_broadcast_source.c:426:12:generate_broadcast_id	8	static
C:/ncs/v2.6.1/zephyr/subsys/bluetooth/audio/bap_broadcast_source.c:305:13:encode_base_subgroup	32	static
C:/ncs/v2.6.1/zephyr/subsys/bluetooth/audio/bap_broadcast_source.c:390:13:encode_base	24	static
C:/ncs/v2.6.1/zephyr/subsys/bluetooth/audio/bap_broadcast_source.c:219:6:bt_bap_ep_is_broadcast_src	0	static
C:/ncs/v2.6.1/zephyr/subsys/bluetooth/audio/bap_broadcast_source.c:626:5:bt_bap_broadcast_source_create	72	static
C:/ncs/v2.6.1/zephyr/subsys/bluetooth/audio/bap_broadcast_source.c:750:5:bt_bap_broadcast_source_reconfig	56	static
C:/ncs/v2.6.1/zephyr/subsys/bluetooth/audio/bap_broadcast_source.c:903:5:bt_bap_broadcast_source_update_metadata	16	static
C:/ncs/v2.6.1/zephyr/subsys/bluetooth/audio/bap_broadcast_source.c:947:5:bt_bap_broadcast_source_start	80	static
C:/ncs/v2.6.1/zephyr/subsys/bluetooth/audio/bap_broadcast_source.c:1014:5:bt_bap_broadcast_source_stop	8	static
C:/ncs/v2.6.1/zephyr/subsys/bluetooth/audio/bap_broadcast_source.c:1047:5:bt_bap_broadcast_source_delete	8	static
C:/ncs/v2.6.1/zephyr/subsys/bluetooth/audio/bap_broadcast_source.c:1070:5:bt_bap_broadcast_source_get_id	16	static
C:/ncs/v2.6.1/zephyr/subsys/bluetooth/audio/bap_broadcast_source.c:1096:5:bt_bap_broadcast_source_get_base	16	static
