C:/ncs/v2.6.1/zephyr/subsys/bluetooth/audio/cap_stream.c:124:13:cap_stream_started_cb	8	static
C:/ncs/v2.6.1/zephyr/subsys/bluetooth/audio/cap_stream.c:142:13:cap_stream_stopped_cb	8	static
C:/ncs/v2.6.1/zephyr/subsys/bluetooth/audio/cap_stream.c:172:13:cap_stream_sent_cb	8	static
C:/ncs/v2.6.1/zephyr/subsys/bluetooth/audio/cap_stream.c:204:6:bt_cap_stream_ops_register_bap	8	static
C:/ncs/v2.6.1/zephyr/subsys/bluetooth/audio/cap_stream.c:209:6:bt_cap_stream_ops_register	8	static
C:/ncs/v2.6.1/zephyr/subsys/bluetooth/audio/cap_stream.c:226:5:bt_cap_stream_send	8	static
C:/ncs/v2.6.1/zephyr/subsys/bluetooth/audio/cap_stream.c:238:5:bt_cap_stream_get_tx_sync	8	static
