C:/ncs/v2.6.1/zephyr/include/zephyr/sys/slist.h:408:1:sys_slist_remove	0	static
C:/ncs/v2.6.1/zephyr/include/zephyr/sys/slist.h:435:1:sys_slist_find_and_remove	8	static
C:/ncs/v2.6.1/zephyr/subsys/bluetooth/host/conn_internal.h:313:20:bt_conn_is_handle_valid	0	static
C:/ncs/v2.6.1/zephyr/subsys/bluetooth/host/conn.c:176:27:state2str	0	static
C:/ncs/v2.6.1/zephyr/subsys/bluetooth/host/conn.c:202:13:tx_free	8	static
C:/ncs/v2.6.1/zephyr/subsys/bluetooth/host/conn.c:210:13:tx_notify	16	static
C:/ncs/v2.6.1/zephyr/subsys/bluetooth/host/conn.c:1422:13:tx_complete_work	8	static
C:/ncs/v2.6.1/zephyr/subsys/bluetooth/host/conn.c:69:13:conn_tx_destroy	16	static
C:/ncs/v2.6.1/zephyr/subsys/bluetooth/host/conn.c:394:27:conn_tx_alloc	8	static
C:/ncs/v2.6.1/zephyr/include/zephyr/sys/atomic.h:152:20:atomic_test_and_clear_bit	4	static
C:/ncs/v2.6.1/zephyr/subsys/bluetooth/host/conn.c:688:24:create_frag	16	static
C:/ncs/v2.6.1/zephyr/subsys/bluetooth/host/conn.c:523:12:send_iso	16	static
C:/ncs/v2.6.1/zephyr/subsys/bluetooth/host/conn.c:136:5:bt_conn_iso_init	8	static
C:/ncs/v2.6.1/zephyr/subsys/bluetooth/host/conn.c:146:15:bt_conn_get_pkts	0	static
C:/ncs/v2.6.1/zephyr/subsys/bluetooth/host/conn.c:579:12:do_send_frag	24	static
C:/ncs/v2.6.1/zephyr/subsys/bluetooth/host/conn.c:659:12:send_frag	32	static
C:/ncs/v2.6.1/zephyr/subsys/bluetooth/host/conn.c:720:12:send_buf	24	static
C:/ncs/v2.6.1/zephyr/subsys/bluetooth/host/conn.c:944:13:process_unack_tx	8	static
C:/ncs/v2.6.1/zephyr/subsys/bluetooth/host/conn.c:248:17:bt_conn_new	16	static
C:/ncs/v2.6.1/zephyr/subsys/bluetooth/host/conn.c:276:6:bt_conn_reset_rx_state	8	static
C:/ncs/v2.6.1/zephyr/subsys/bluetooth/host/conn.c:769:13:conn_cleanup	16	static
C:/ncs/v2.6.1/zephyr/subsys/bluetooth/host/conn.c:811:12:conn_prepare_events	16	static
C:/ncs/v2.6.1/zephyr/subsys/bluetooth/host/conn.c:373:6:bt_conn_recv	8	static
C:/ncs/v2.6.1/zephyr/subsys/bluetooth/host/conn.c:441:5:bt_conn_send_cb	32	static
C:/ncs/v2.6.1/zephyr/subsys/bluetooth/host/conn.c:417:5:bt_conn_send_iso_cb	16	static
C:/ncs/v2.6.1/zephyr/subsys/bluetooth/host/conn.c:864:5:bt_conn_prepare_events	16	static
C:/ncs/v2.6.1/zephyr/subsys/bluetooth/host/conn.c:899:6:bt_conn_process_tx	16	static
C:/ncs/v2.6.1/zephyr/subsys/bluetooth/host/conn.c:1286:17:bt_conn_ref	8	static
C:/ncs/v2.6.1/zephyr/subsys/bluetooth/host/conn.c:1010:6:bt_conn_set_state	56	dynamic,bounded
C:/ncs/v2.6.1/zephyr/subsys/bluetooth/host/conn.c:796:13:conn_destroy	8	static
C:/ncs/v2.6.1/zephyr/subsys/bluetooth/host/conn.c:1310:6:bt_conn_unref	8	static
C:/ncs/v2.6.1/zephyr/subsys/bluetooth/host/conn.c:981:17:conn_lookup_handle	24	static
C:/ncs/v2.6.1/zephyr/subsys/bluetooth/host/conn.c:1196:17:bt_conn_lookup_handle	16	static
C:/ncs/v2.6.1/zephyr/subsys/bluetooth/host/conn.c:1232:6:bt_conn_foreach	24	static
C:/ncs/v2.6.1/zephyr/subsys/bluetooth/host/conn.c:806:6:bt_conn_cleanup_all	8	static
C:/ncs/v2.6.1/zephyr/subsys/bluetooth/host/conn.c:1326:9:bt_conn_index	16	static
C:/ncs/v2.6.1/zephyr/subsys/bluetooth/host/conn.c:1366:17:bt_conn_create_pdu_timeout	24	static
