C:/ncs/v2.6.1/zephyr/include/zephyr/sys/byteorder.h:444:20:sys_put_le64	0	static
C:/ncs/v2.6.1/zephyr/include/zephyr/sys/byteorder.h:595:24:sys_get_le64	4	static
C:/ncs/v2.6.1/zephyr/subsys/bluetooth/host/hci_core.c:2457:13:hci_vendor_event	0	static
C:/ncs/v2.6.1/zephyr/subsys/bluetooth/host/hci_core.c:2852:13:read_local_ver_complete	0	static
C:/ncs/v2.6.1/zephyr/subsys/bluetooth/host/hci_core.c:2865:13:read_le_features_complete	0	static
C:/ncs/v2.6.1/zephyr/subsys/bluetooth/host/hci_core.c:2970:13:read_supported_commands_complete	12	static
C:/ncs/v2.6.1/zephyr/subsys/bluetooth/host/hci_core.c:2987:13:read_local_features_complete	0	static
C:/ncs/v2.6.1/zephyr/subsys/bluetooth/host/hci_core.c:2996:13:le_read_supp_states_complete	8	static
C:/ncs/v2.6.1/zephyr/subsys/bluetooth/host/hci_core.c:3407:12:bt_br_init	0	static
C:/ncs/v2.6.1/zephyr/include/zephyr/sys/atomic.h:131:20:atomic_test_bit	0	static
C:/ncs/v2.6.1/zephyr/subsys/bluetooth/host/hci_core.c:2278:13:hci_reset_complete	0	static
C:/ncs/v2.6.1/zephyr/subsys/bluetooth/host/hci_core.c:2919:13:read_buffer_size_v2_complete	16	static
C:/ncs/v2.6.1/zephyr/subsys/bluetooth/host/hci_core.c:148:12:handle_event_common	24	static
C:/ncs/v2.6.1/zephyr/include/zephyr/bluetooth/addr.h:137:20:bt_addr_le_copy	0	static
C:/ncs/v2.6.1/zephyr/subsys/bluetooth/host/hci_core.c:442:13:hci_num_completed_packets	80	dynamic,bounded
C:/ncs/v2.6.1/zephyr/include/zephyr/sys/atomic.h:237:20:atomic_set_bit_to	0	static
C:/ncs/v2.6.1/zephyr/subsys/bluetooth/host/hci_core.c:2301:13:hci_cmd_done	80	dynamic,bounded
C:/ncs/v2.6.1/zephyr/subsys/bluetooth/host/hci_core.c:2368:13:hci_cmd_status	16	static
C:/ncs/v2.6.1/zephyr/subsys/bluetooth/host/hci_core.c:2335:13:hci_cmd_complete	16	static
C:/ncs/v2.6.1/zephyr/subsys/bluetooth/host/hci_core.c:2204:13:hci_hardware_error	8	static
C:/ncs/v2.6.1/zephyr/subsys/bluetooth/host/hci_core.c:172:13:handle_event	72	dynamic,bounded
C:/ncs/v2.6.1/zephyr/subsys/bluetooth/host/hci_core.c:2703:13:hci_event	16	static
C:/ncs/v2.6.1/zephyr/subsys/bluetooth/host/hci_core.c:2619:13:hci_le_meta_event	8	static
C:/ncs/v2.6.1/zephyr/subsys/bluetooth/host/hci_core.c:3798:13:rx_queue_put	8	static
C:/ncs/v2.6.1/zephyr/subsys/bluetooth/host/hci_core.c:3953:13:rx_work_handler	8	static
C:/ncs/v2.6.1/zephyr/subsys/bluetooth/host/hci_core.c:117:6:bt_hci_cmd_state_set_init	8	static
C:/ncs/v2.6.1/zephyr/subsys/bluetooth/host/hci_core.c:251:17:bt_hci_cmd_create	32	static
C:/ncs/v2.6.1/zephyr/subsys/bluetooth/host/hci_core.c:309:5:bt_hci_cmd_send_sync	56	static
C:/ncs/v2.6.1/zephyr/subsys/bluetooth/host/hci_core.c:3016:12:common_init	16	static
C:/ncs/v2.6.1/zephyr/subsys/bluetooth/host/hci_core.c:3217:12:le_init_iso	16	static
C:/ncs/v2.6.1/zephyr/subsys/bluetooth/host/hci_core.c:3077:12:le_set_event_mask	8	static
C:/ncs/v2.6.1/zephyr/subsys/bluetooth/host/hci_core.c:3261:12:le_init	16	static
C:/ncs/v2.6.1/zephyr/subsys/bluetooth/host/hci_core.c:3431:12:set_event_mask	8	static
C:/ncs/v2.6.1/zephyr/subsys/bluetooth/host/hci_core.c:3591:13:hci_vs_init	16	static
C:/ncs/v2.6.1/zephyr/subsys/bluetooth/host/hci_core.c:3684:12:hci_init	8	static
C:/ncs/v2.6.1/zephyr/subsys/bluetooth/host/hci_core.c:359:5:bt_hci_le_rand	24	static
C:/ncs/v2.6.1/zephyr/subsys/bluetooth/host/hci_core.c:411:9:bt_get_phy	0	static
C:/ncs/v2.6.1/zephyr/subsys/bluetooth/host/hci_core.c:425:5:bt_get_df_cte_type	0	static
C:/ncs/v2.6.1/zephyr/subsys/bluetooth/host/hci_core.c:2388:5:bt_hci_get_conn_handle	0	static
C:/ncs/v2.6.1/zephyr/subsys/bluetooth/host/hci_core.c:2399:5:bt_hci_get_adv_handle	16	static
C:/ncs/v2.6.1/zephyr/subsys/bluetooth/host/hci_core.c:3489:13:bt_hci_get_ver_str	64	static
C:/ncs/v2.6.1/zephyr/subsys/bluetooth/host/hci_core.c:3738:5:bt_send	8	static
C:/ncs/v2.6.1/zephyr/subsys/bluetooth/host/hci_core.c:278:5:bt_hci_cmd_send	16	static
C:/ncs/v2.6.1/zephyr/subsys/bluetooth/host/hci_core.c:2722:13:send_cmd	16	static
C:/ncs/v2.6.1/zephyr/subsys/bluetooth/host/hci_core.c:2756:13:process_events	16	static
C:/ncs/v2.6.1/zephyr/subsys/bluetooth/host/hci_core.c:2815:13:hci_tx_thread	16	static
C:/ncs/v2.6.1/zephyr/subsys/bluetooth/host/hci_core.c:3770:6:hci_event_prio	24	static
C:/ncs/v2.6.1/zephyr/subsys/bluetooth/host/hci_core.c:3813:5:bt_recv	16	static
C:/ncs/v2.6.1/zephyr/subsys/bluetooth/host/hci_core.c:3864:5:bt_recv_prio	8	static
C:/ncs/v2.6.1/zephyr/subsys/bluetooth/host/hci_core.c:3875:5:bt_hci_driver_register	0	static
C:/ncs/v2.6.1/zephyr/subsys/bluetooth/host/hci_core.c:3895:6:bt_finalize_init	0	static
C:/ncs/v2.6.1/zephyr/subsys/bluetooth/host/hci_core.c:3906:12:bt_init	8	static
C:/ncs/v2.6.1/zephyr/subsys/bluetooth/host/hci_core.c:3942:13:init_work	8	static
C:/ncs/v2.6.1/zephyr/subsys/bluetooth/host/hci_core.c:4013:5:bt_enable	56	static
C:/ncs/v2.6.1/zephyr/subsys/bluetooth/host/hci_core.c:4085:5:bt_disable	16	static
C:/ncs/v2.6.1/zephyr/subsys/bluetooth/host/hci_core.c:4159:6:bt_is_ready	0	static
C:/ncs/v2.6.1/zephyr/subsys/bluetooth/host/hci_core.c:4171:5:bt_set_name	0	static
C:/ncs/v2.6.1/zephyr/subsys/bluetooth/host/hci_core.c:4201:13:bt_get_name	0	static
C:/ncs/v2.6.1/zephyr/subsys/bluetooth/host/hci_core.c:4210:10:bt_get_appearance	0	static
C:/ncs/v2.6.1/zephyr/subsys/bluetooth/host/hci_core.c:4238:6:bt_addr_le_is_bonded	0	static
C:/ncs/v2.6.1/zephyr/subsys/bluetooth/host/hci_core.c:4324:5:bt_le_set_chan_map	16	static
C:/ncs/v2.6.1/zephyr/subsys/bluetooth/host/hci_core.c:4372:5:bt_configure_data_path	32	static
