C:/ncs/v2.6.1/zephyr/subsys/bluetooth/host/id.c:67:13:adv_id_check_func	0	static
C:/ncs/v2.6.1/zephyr/include/zephyr/sys/atomic.h:131:20:atomic_test_bit	0	static
C:/ncs/v2.6.1/zephyr/include/zephyr/bluetooth/addr.h:127:20:bt_addr_copy	0	static
C:/ncs/v2.6.1/zephyr/include/zephyr/bluetooth/addr.h:137:20:bt_addr_le_copy	0	static
C:/ncs/v2.6.1/zephyr/subsys/bluetooth/host/id.c:1206:12:id_find	16	static
C:/ncs/v2.6.1/zephyr/subsys/bluetooth/host/id.c:123:12:set_random_address	16	static
C:/ncs/v2.6.1/zephyr/subsys/bluetooth/host/id.c:201:13:adv_rpa_expired	0	static
C:/ncs/v2.6.1/zephyr/subsys/bluetooth/host/id.c:1219:12:id_create	24	static
C:/ncs/v2.6.1/zephyr/subsys/bluetooth/host/id.c:46:21:bt_lookup_id_addr	0	static
C:/ncs/v2.6.1/zephyr/subsys/bluetooth/host/id.c:152:5:bt_id_set_adv_random_addr	16	static
C:/ncs/v2.6.1/zephyr/subsys/bluetooth/host/id.c:431:5:bt_id_set_private_addr	16	static
C:/ncs/v2.6.1/zephyr/subsys/bluetooth/host/id.c:459:5:bt_id_set_adv_private_addr	16	static
C:/ncs/v2.6.1/zephyr/subsys/bluetooth/host/id.c:656:6:bt_id_scan_random_addr_check	0	static
C:/ncs/v2.6.1/zephyr/subsys/bluetooth/host/id.c:703:6:bt_id_adv_random_addr_check	0	static
C:/ncs/v2.6.1/zephyr/subsys/bluetooth/host/id.c:770:6:bt_id_adv_limited_stopped	8	static
C:/ncs/v2.6.1/zephyr/subsys/bluetooth/host/id.c:1194:6:bt_id_get	16	static
C:/ncs/v2.6.1/zephyr/subsys/bluetooth/host/id.c:1280:5:bt_id_create	32	static
C:/ncs/v2.6.1/zephyr/subsys/bluetooth/host/id.c:1328:5:bt_id_reset	24	static
C:/ncs/v2.6.1/zephyr/subsys/bluetooth/host/id.c:1380:5:bt_id_delete	24	static
C:/ncs/v2.6.1/zephyr/subsys/bluetooth/host/id.c:1466:9:bt_id_read_public_addr	24	static
C:/ncs/v2.6.1/zephyr/subsys/bluetooth/host/id.c:1500:5:bt_setup_public_id_addr	16	static
C:/ncs/v2.6.1/zephyr/subsys/bluetooth/host/id.c:1538:9:bt_read_static_addr	40	static
C:/ncs/v2.6.1/zephyr/subsys/bluetooth/host/id.c:1588:5:bt_setup_random_id_addr	40	static
C:/ncs/v2.6.1/zephyr/subsys/bluetooth/host/id.c:1785:5:bt_id_set_adv_own_addr	24	static
C:/ncs/v2.6.1/zephyr/subsys/bluetooth/host/id.c:1911:5:bt_le_oob_get_local	16	static
C:/ncs/v2.6.1/zephyr/subsys/bluetooth/host/id.c:1990:5:bt_le_ext_adv_oob_get_local	8	static
C:/ncs/v2.6.1/zephyr/subsys/bluetooth/host/id.c:2093:5:bt_id_init	8	static
