C:/ncs/v2.6.1/zephyr/include/zephyr/sys/cbprintf.h:528:19:z_cbprintf_cpy	16	static
C:/ncs/v2.6.1/zephyr/include/zephyr/sys/cbprintf.h:572:19:cbprintf_package_copy	40	static
C:/ncs/v2.6.1/zephyr/subsys/logging/log_msg.c:31:6:z_log_msg_finalize	16	static
C:/ncs/v2.6.1/zephyr/subsys/logging/log_msg.c:70:13:z_log_msg_simple_create	40	static
C:/ncs/v2.6.1/zephyr/subsys/logging/log_msg.c:222:6:z_impl_z_log_msg_static_create	120	dynamic,bounded
C:/ncs/v2.6.1/nrf/applications/nrf5340_audio/build/dev_gateway/build_debug/zephyr/include/generated/syscalls/log_msg.h:107:20:z_log_msg_static_create	8	static
C:/ncs/v2.6.1/zephyr/subsys/logging/log_msg.c:102:6:z_impl_z_log_msg_simple_create_0	16	static
C:/ncs/v2.6.1/zephyr/subsys/logging/log_msg.c:141:6:z_impl_z_log_msg_simple_create_1	16	static
C:/ncs/v2.6.1/zephyr/subsys/logging/log_msg.c:181:6:z_impl_z_log_msg_simple_create_2	24	static
C:/ncs/v2.6.1/zephyr/subsys/logging/log_msg.c:286:6:z_log_msg_runtime_vcreate	56	static
