C:/ncs/v2.6.1/nrf/applications/nrf5340_audio/src/bluetooth/bt_stream/broadcast/broadcast_sink.c:289:13:parse_cb	0	static
C:/ncs/v2.6.1/nrf/applications/nrf5340_audio/src/bluetooth/bt_stream/broadcast/broadcast_sink.c:79:12:broadcast_sink_cleanup	8	static
C:/ncs/v2.6.1/nrf/applications/nrf5340_audio/src/bluetooth/bt_stream/broadcast/broadcast_sink.c:101:13:bis_cleanup_worker	8	static
C:/ncs/v2.6.1/nrf/applications/nrf5340_audio/src/bluetooth/bt_stream/broadcast/broadcast_sink.c:265:13:stream_recv_cb	16	static
C:/ncs/v2.6.1/nrf/applications/nrf5340_audio/src/bluetooth/bt_stream/broadcast/broadcast_sink.c:113:13:le_audio_event_publish	32	static
C:/ncs/v2.6.1/nrf/applications/nrf5340_audio/src/bluetooth/bt_stream/broadcast/broadcast_sink.c:229:13:stream_stopped_cb	16	static
C:/ncs/v2.6.1/nrf/applications/nrf5340_audio/src/bluetooth/bt_stream/broadcast/broadcast_sink.c:129:13:print_codec	16	static
C:/ncs/v2.6.1/nrf/applications/nrf5340_audio/src/bluetooth/bt_stream/broadcast/broadcast_sink.c:220:13:stream_started_cb	8	static
C:/ncs/v2.6.1/nrf/applications/nrf5340_audio/src/bluetooth/bt_stream/broadcast/broadcast_sink.c:390:13:syncable_cb	16	static
C:/ncs/v2.6.1/nrf/applications/nrf5340_audio/src/bluetooth/bt_stream/broadcast/broadcast_sink.c:198:13:bitrate_check	16	static
C:/ncs/v2.6.1/nrf/applications/nrf5340_audio/src/bluetooth/bt_stream/broadcast/broadcast_sink.c:145:13:get_codec_info	16	static
C:/ncs/v2.6.1/nrf/applications/nrf5340_audio/src/bluetooth/bt_stream/broadcast/broadcast_sink.c:307:12:bis_specific_codec_config	8	static
C:/ncs/v2.6.1/nrf/applications/nrf5340_audio/src/bluetooth/bt_stream/broadcast/broadcast_sink.c:321:13:base_recv_cb	48	static
C:/ncs/v2.6.1/nrf/applications/nrf5340_audio/src/bluetooth/bt_stream/broadcast/broadcast_sink.c:447:5:broadcast_sink_change_active_audio_stream	8	static
C:/ncs/v2.6.1/nrf/applications/nrf5340_audio/src/bluetooth/bt_stream/broadcast/broadcast_sink.c:478:5:broadcast_sink_config_get	8	static
C:/ncs/v2.6.1/nrf/applications/nrf5340_audio/src/bluetooth/bt_stream/broadcast/broadcast_sink.c:510:5:broadcast_sink_pa_sync_set	16	static
C:/ncs/v2.6.1/nrf/applications/nrf5340_audio/src/bluetooth/bt_stream/broadcast/broadcast_sink.c:549:5:broadcast_sink_start	8	static
C:/ncs/v2.6.1/nrf/applications/nrf5340_audio/src/bluetooth/bt_stream/broadcast/broadcast_sink.c:560:5:broadcast_sink_stop	8	static
C:/ncs/v2.6.1/nrf/applications/nrf5340_audio/src/bluetooth/bt_stream/broadcast/broadcast_sink.c:589:5:broadcast_sink_disable	8	static
C:/ncs/v2.6.1/nrf/applications/nrf5340_audio/src/bluetooth/bt_stream/broadcast/broadcast_sink.c:621:5:broadcast_sink_enable	16	static
