C:/ncs/v2.6.1/zephyr/subsys/bluetooth/audio/audio.c:72:16:bt_audio_security_check	40	static
C:/ncs/v2.6.1/zephyr/subsys/bluetooth/audio/audio.c:161:12:decode_bis_data	16	static
C:/ncs/v2.6.1/zephyr/subsys/bluetooth/audio/audio.c:211:12:decode_subgroup	16	static
C:/ncs/v2.6.1/zephyr/subsys/bluetooth/audio/audio.c:21:5:bt_audio_data_parse	32	static
C:/ncs/v2.6.1/zephyr/subsys/bluetooth/audio/audio.c:100:9:bt_audio_read_chrc	32	static
C:/ncs/v2.6.1/zephyr/subsys/bluetooth/audio/audio.c:121:9:bt_audio_write_chrc	32	static
C:/ncs/v2.6.1/zephyr/subsys/bluetooth/audio/audio.c:142:9:bt_audio_ccc_cfg_write	8	static
C:/ncs/v2.6.1/zephyr/subsys/bluetooth/audio/audio.c:301:5:bt_bap_decode_base	40	static
