C:/ncs/v2.6.1/zephyr/include/zephyr/sys/slist.h:408:1:sys_slist_remove	0	static
C:/ncs/v2.6.1/zephyr/include/zephyr/sys/slist.h:435:1:sys_slist_find_and_remove	8	static
C:/ncs/v2.6.1/zephyr/subsys/bluetooth/audio/bap_endpoint.h:148:27:bt_bap_ep_state_str	0	static
C:/ncs/v2.6.1/zephyr/subsys/bluetooth/audio/bap_broadcast_sink.c:196:38:broadcast_sink_lookup_iso_chan	4	static
C:/ncs/v2.6.1/zephyr/subsys/bluetooth/audio/bap_broadcast_sink.c:413:38:broadcast_sink_get_by_pa	0	static
C:/ncs/v2.6.1/zephyr/subsys/bluetooth/audio/bap_broadcast_sink.c:575:13:pa_term_cb	8	static
C:/ncs/v2.6.1/zephyr/subsys/bluetooth/audio/bap_broadcast_sink.c:673:17:interval_to_sync_timeout	0	static
C:/ncs/v2.6.1/zephyr/subsys/bluetooth/audio/bap_broadcast_sink.c:808:35:codec_cfg_from_base_by_index	4	static
C:/ncs/v2.6.1/zephyr/subsys/bluetooth/audio/bap_broadcast_sink.c:824:13:codec_lookup_id	0	static
C:/ncs/v2.6.1/zephyr/subsys/bluetooth/audio/bap_broadcast_sink.c:69:13:find_recv_state_by_pa_sync_cb	24	static
C:/ncs/v2.6.1/zephyr/include/zephyr/sys/atomic.h:131:20:atomic_test_bit	0	static
C:/ncs/v2.6.1/zephyr/subsys/bluetooth/audio/bap_broadcast_sink.c:397:38:broadcast_sink_free_get	8	static
C:/ncs/v2.6.1/zephyr/subsys/bluetooth/audio/bap_broadcast_sink.c:56:13:find_recv_state_by_sink_cb	16	static
C:/ncs/v2.6.1/zephyr/subsys/bluetooth/audio/bap_broadcast_sink.c:715:13:broadcast_sink_ep_init	8	static
C:/ncs/v2.6.1/zephyr/subsys/bluetooth/audio/bap_broadcast_sink.c:724:26:broadcast_sink_new_ep	8	static
C:/ncs/v2.6.1/zephyr/subsys/bluetooth/audio/bap_broadcast_sink.c:777:13:broadcast_sink_cleanup_streams	16	static
C:/ncs/v2.6.1/zephyr/subsys/bluetooth/audio/bap_broadcast_sink.c:799:13:broadcast_sink_cleanup	8	static
C:/ncs/v2.6.1/zephyr/subsys/bluetooth/audio/bap_broadcast_sink.c:210:13:broadcast_sink_set_ep_state	56	dynamic,bounded
C:/ncs/v2.6.1/zephyr/subsys/bluetooth/audio/bap_broadcast_sink.c:424:13:broadcast_sink_add_src	120	dynamic,bounded
C:/ncs/v2.6.1/zephyr/subsys/bluetooth/audio/bap_broadcast_sink.c:739:12:bt_bap_broadcast_sink_setup_stream	24	static
C:/ncs/v2.6.1/zephyr/subsys/bluetooth/audio/bap_broadcast_sink.c:258:13:broadcast_sink_iso_recv	88	dynamic,bounded
C:/ncs/v2.6.1/zephyr/subsys/bluetooth/audio/bap_broadcast_sink.c:145:13:update_recv_state_big_cleared	112	dynamic,bounded
C:/ncs/v2.6.1/zephyr/subsys/bluetooth/audio/bap_broadcast_sink.c:188:13:broadcast_sink_clear_big	8	static
C:/ncs/v2.6.1/zephyr/subsys/bluetooth/audio/bap_broadcast_sink.c:344:13:broadcast_sink_iso_disconnected	136	dynamic,bounded
C:/ncs/v2.6.1/zephyr/subsys/bluetooth/audio/bap_broadcast_sink.c:91:13:update_recv_state_big_synced	144	dynamic,bounded
C:/ncs/v2.6.1/zephyr/subsys/bluetooth/audio/bap_broadcast_sink.c:291:13:broadcast_sink_iso_connected	136	dynamic,bounded
C:/ncs/v2.6.1/zephyr/subsys/bluetooth/audio/bap_broadcast_sink.c:585:13:update_recv_state_encryption	144	dynamic,bounded
C:/ncs/v2.6.1/zephyr/subsys/bluetooth/audio/bap_broadcast_sink.c:1114:12:broadcast_sink_init	8	static
C:/ncs/v2.6.1/zephyr/include/zephyr/sys/atomic.h:237:20:atomic_set_bit_to	0	static
C:/ncs/v2.6.1/zephyr/subsys/bluetooth/audio/bap_broadcast_sink.c:628:13:biginfo_recv	24	static
C:/ncs/v2.6.1/zephyr/subsys/bluetooth/audio/bap_broadcast_sink.c:556:13:pa_recv	8	static
C:/ncs/v2.6.1/zephyr/subsys/bluetooth/audio/bap_broadcast_sink.c:446:12:update_recv_state_base_copy_meta	16	static
C:/ncs/v2.6.1/zephyr/subsys/bluetooth/audio/bap_broadcast_sink.c:468:13:update_recv_state_base	176	dynamic,bounded
C:/ncs/v2.6.1/zephyr/subsys/bluetooth/audio/bap_broadcast_sink.c:501:13:pa_decode_base	200	static
C:/ncs/v2.6.1/zephyr/subsys/bluetooth/audio/bap_broadcast_sink.c:692:5:bt_bap_broadcast_sink_register_cb	0	static
C:/ncs/v2.6.1/zephyr/subsys/bluetooth/audio/bap_broadcast_sink.c:704:6:bt_bap_ep_is_broadcast_snk	0	static
C:/ncs/v2.6.1/zephyr/subsys/bluetooth/audio/bap_broadcast_sink.c:837:5:bt_bap_broadcast_sink_create	24	static
C:/ncs/v2.6.1/zephyr/subsys/bluetooth/audio/bap_broadcast_sink.c:894:5:bt_bap_broadcast_sink_sync	104	static
C:/ncs/v2.6.1/zephyr/subsys/bluetooth/audio/bap_broadcast_sink.c:1039:5:bt_bap_broadcast_sink_stop	16	static
C:/ncs/v2.6.1/zephyr/subsys/bluetooth/audio/bap_broadcast_sink.c:1085:5:bt_bap_broadcast_sink_delete	8	static
