C:/ncs/v2.6.1/zephyr/subsys/bluetooth/audio/bap_scan_delegator.c:82:13:bits_subset_of	0	static
C:/ncs/v2.6.1/zephyr/subsys/bluetooth/audio/bap_scan_delegator.c:87:13:valid_bis_syncs	0	static
C:/ncs/v2.6.1/zephyr/subsys/bluetooth/audio/bap_scan_delegator.c:100:13:bis_syncs_unique_or_no_pref	0	static
C:/ncs/v2.6.1/zephyr/subsys/bluetooth/audio/bap_scan_delegator.c:207:13:bis_sync_request_updated	8	static
C:/ncs/v2.6.1/zephyr/subsys/bluetooth/audio/bap_scan_delegator.c:296:16:next_src_id	4	static
C:/ncs/v2.6.1/zephyr/subsys/bluetooth/audio/bap_scan_delegator.c:316:41:bass_lookup_src_id	0	static
C:/ncs/v2.6.1/zephyr/subsys/bluetooth/audio/bap_scan_delegator.c:328:41:bass_lookup_pa_sync	0	static
C:/ncs/v2.6.1/zephyr/subsys/bluetooth/audio/bap_scan_delegator.c:351:41:get_free_recv_state	0	static
C:/ncs/v2.6.1/zephyr/subsys/bluetooth/audio/bap_scan_delegator.c:410:13:supports_past	0	static
C:/ncs/v2.6.1/zephyr/subsys/bluetooth/audio/bap_scan_delegator.c:417:12:pa_sync_request	24	static
C:/ncs/v2.6.1/zephyr/subsys/bluetooth/audio/bap_scan_delegator.c:435:12:pa_sync_term_request	8	static
C:/ncs/v2.6.1/zephyr/subsys/bluetooth/audio/bap_scan_delegator.c:1007:13:recv_state_cfg_changed	0	static
C:/ncs/v2.6.1/zephyr/subsys/bluetooth/audio/bap_scan_delegator.c:1445:1:scan_delegator_state_find_state_cb	16	static
C:/ncs/v2.6.1/zephyr/subsys/bluetooth/audio/bap_scan_delegator.c:151:13:net_buf_put_recv_state	24	static
C:/ncs/v2.6.1/zephyr/subsys/bluetooth/audio/bap_scan_delegator.c:1013:16:read_recv_state	40	static
C:/ncs/v2.6.1/zephyr/subsys/bluetooth/audio/bap_scan_delegator.c:274:36:get_bap_broadcast_assistant	8	static
C:/ncs/v2.6.1/zephyr/include/zephyr/bluetooth/gatt.h:1225:19:bt_gatt_notify_uuid	32	static
C:/ncs/v2.6.1/zephyr/subsys/bluetooth/audio/bap_scan_delegator.c:140:13:bass_notify_receive_state	24	static
C:/ncs/v2.6.1/zephyr/subsys/bluetooth/audio/bap_scan_delegator.c:236:13:scan_delegator_security_changed	32	static
C:/ncs/v2.6.1/zephyr/subsys/bluetooth/audio/bap_scan_delegator.c:1171:13:valid_bt_bap_scan_delegator_add_src_param	24	static
C:/ncs/v2.6.1/zephyr/subsys/bluetooth/audio/bap_scan_delegator.c:1283:13:valid_bt_bap_scan_delegator_mod_src_param	32	static
C:/ncs/v2.6.1/zephyr/subsys/bluetooth/audio/bap_scan_delegator.c:217:13:scan_delegator_disconnected	0	static
C:/ncs/v2.6.1/zephyr/include/zephyr/bluetooth/addr.h:127:20:bt_addr_copy	0	static
C:/ncs/v2.6.1/zephyr/subsys/bluetooth/audio/bap_scan_delegator.c:804:12:scan_delegator_broadcast_code	16	static
C:/ncs/v2.6.1/zephyr/include/zephyr/bluetooth/addr.h:137:20:bt_addr_le_copy	0	static
C:/ncs/v2.6.1/zephyr/include/zephyr/sys/atomic.h:131:20:atomic_test_bit	0	static
C:/ncs/v2.6.1/zephyr/subsys/bluetooth/audio/bap_scan_delegator.c:187:13:receive_state_updated	16	static
C:/ncs/v2.6.1/zephyr/subsys/bluetooth/audio/bap_scan_delegator.c:448:12:scan_delegator_add_source	56	static
C:/ncs/v2.6.1/zephyr/subsys/bluetooth/audio/bap_scan_delegator.c:842:12:scan_delegator_rem_src	24	static
C:/ncs/v2.6.1/zephyr/subsys/bluetooth/audio/bap_scan_delegator.c:386:13:pa_terminated	8	static
C:/ncs/v2.6.1/zephyr/subsys/bluetooth/audio/bap_scan_delegator.c:608:12:scan_delegator_mod_src	184	static
C:/ncs/v2.6.1/zephyr/subsys/bluetooth/audio/bap_scan_delegator.c:908:16:write_control_point	32	static
C:/ncs/v2.6.1/zephyr/subsys/bluetooth/audio/bap_scan_delegator.c:339:41:bass_lookup_addr	16	static
C:/ncs/v2.6.1/zephyr/subsys/bluetooth/audio/bap_scan_delegator.c:365:13:pa_synced	16	static
C:/ncs/v2.6.1/zephyr/subsys/bluetooth/audio/bap_scan_delegator.c:1059:12:bt_bap_scan_delegator_init	8	static
C:/ncs/v2.6.1/zephyr/subsys/bluetooth/audio/bap_scan_delegator.c:1081:6:bt_bap_scan_delegator_register_cb	0	static
C:/ncs/v2.6.1/zephyr/subsys/bluetooth/audio/bap_scan_delegator.c:1086:5:bt_bap_scan_delegator_set_pa_state	8	static
C:/ncs/v2.6.1/zephyr/subsys/bluetooth/audio/bap_scan_delegator.c:1107:5:bt_bap_scan_delegator_set_bis_sync_state	16	static
C:/ncs/v2.6.1/zephyr/subsys/bluetooth/audio/bap_scan_delegator.c:1217:5:bt_bap_scan_delegator_add_src	32	static
C:/ncs/v2.6.1/zephyr/subsys/bluetooth/audio/bap_scan_delegator.c:1324:5:bt_bap_scan_delegator_mod_src	32	static
C:/ncs/v2.6.1/zephyr/subsys/bluetooth/audio/bap_scan_delegator.c:1411:5:bt_bap_scan_delegator_rem_src	32	static
C:/ncs/v2.6.1/zephyr/subsys/bluetooth/audio/bap_scan_delegator.c:1424:6:bt_bap_scan_delegator_foreach_state	16	static
C:/ncs/v2.6.1/zephyr/subsys/bluetooth/audio/bap_scan_delegator.c:1462:1:bt_bap_scan_delegator_find_state	24	static
C:/ncs/v2.6.1/zephyr/subsys/bluetooth/audio/bap_scan_delegator.c:1475:48:bt_bap_scan_delegator_lookup_src_id	8	static
